[matteocourthoud.github.io/index.html]
[matteocourthoud.github.io/js/mathjax-config.js]
[cdnjs.cloudflare.com/ajax/libs/font-awesome/5.14.0/css/all.min.css]
[cdnjs.cloudflare.com/ajax/libs/fancybox/3.5.7/jquery.fancybox.min.css]
[backblue.gif]
[fade.gif]
[index.html]
[cdnjs.cloudflare.com/ajax/libs/highlight.js/10.2.0/styles/github.min.css]
[cdnjs.cloudflare.com/ajax/libs/highlight.js/10.2.0/styles/dracula.min.css]
[cdnjs.cloudflare.com/ajax/libs/leaflet/1.7.1/leaflet.min.css]
[cdn.jsdelivr.net/npm/mathjax@3/es5/tex-chtml.js]
[matteocourthoud.github.io/css/wowchemy.5c4def4f00a521426f4eb098155f3342.css]
[identity.netlify.com/v1/netlify-identity-widget.js]
[matteocourthoud.github.io/index.xml]
[matteocourthoud.github.io/index.a.delayed]
[matteocourthoud.github.io/media/icon_hu03e9b3967b83fd39296ec9da5ff1ea05_201175_32x32_fill_lanczos_center_3.png]
[matteocourthoud.github.io/media/icon_hu03e9b3967b83fd39296ec9da5ff1ea05_201175_180x180_fill_lanczos_center_3.png]
[cdnjs.cloudflare.com/ajax/libs/cookieconsent2/3.1.1/cookieconsent.min.js]
[cdnjs.cloudflare.com/ajax/libs/cookieconsent2/3.1.1/cookieconsent.min.css]
[matteocourthoud.github.io/js/wowchemy-init.min.6edaf3b475ce43de30d98828aea698be.js]
[matteocourthoud.github.io/img/mountains.jpg]
[matteocourthoud.github.io/author/avatar_hu365eedc833ccd5578a90de7c849ec45e_385094_520x520_fill_q75_lanczos_center.jpg]
[matteocourthoud.github.io/course/ml-econ/index.html]
[matteocourthoud.github.io/files/cv.pdf]
[matteocourthoud.github.io/files/Algorithmic_Collusion_on_Platforms.pdf]
[matteocourthoud.github.io/course/metrics/index.html]
[matteocourthoud.github.io/course/data-science/index.html]
[matteocourthoud.github.io/course/empirical-io/index.html]
[matteocourthoud.github.io/post/index.html]
[matteocourthoud.github.io/cv/index.html]
[matteocourthoud.github.io/files/Algorithmic_Collusion_on_Platforms_slides.pdf]
[matteocourthoud.github.io/course/index.html]
[matteocourthoud.github.io/project/alg_platform/index.html]
[matteocourthoud.github.io/project/alg_platform/featured_hu825e30225784de9acdc41eff49a4c0ff_34551_540x0_resize_lanczos_3.png]
[matteocourthoud.github.io/project/foreclosure/index.html]
[matteocourthoud.github.io/files/Foreclosure_Complementarities.pdf]
[matteocourthoud.github.io/files/Foreclosure_Complementarities_slides.pdf]
[matteocourthoud.github.io/project/foreclosure/featured_hub597457f499589e37c525123b7619776_538178_540x0_resize_lanczos_3.png]
[matteocourthoud.github.io/files/Algorithmic_Collusion_Detection.pdf]
[matteocourthoud.github.io/project/alg_detection/index.html]
[matteocourthoud.github.io/files/Algorithmic_Collusion_Detection_slides.pdf]
[matteocourthoud.github.io/project/alg_detection/featured_huc7358fc82d436684abf1c48c820e6fb2_24905_540x0_resize_lanczos_3.png]
[matteocourthoud.github.io/files/Approximation_Methods_for_Large_Dynamic_Stochastic_Games.pdf]
[matteocourthoud.github.io/project/approximations/index.html]
[matteocourthoud.github.io/project/approximations/featured_hu3294297276c14c3821c4acf538a6d8bb_66170_540x0_resize_lanczos_3.png]
[matteocourthoud.github.io/project/ownership/featured_hudab631801cb67c00c724de5fb6354db6_519139_540x0_resize_lanczos_3.png]
[matteocourthoud.github.io/post/bayes_reg/featured_hub91ecb4044c9b45ecf854029d28ebf40_113158_150x0_resize_q75_lanczos.jpg]
[matteocourthoud.github.io/post/delta/featured_hu4d0ef93c86487873d4e2c78cf9e0905e_480694_150x0_resize_lanczos_3.png]
[matteocourthoud.github.io/project/ownership/index.html]
[matteocourthoud.github.io/post/quantile_reg/featured_hu01f0222aae44c67eca9b8aebc6176dd4_2654734_150x0_resize_lanczos_3.png]
[matteocourthoud.github.io/post/online_reg/featured_hu7a03610ebbbd3c2e4ffa78bd73eeff86_396378_150x0_resize_lanczos_3.png]
[matteocourthoud.github.io/post/outliers/featured_hu08a96d160fa95d37fbbd71ce3668c3c9_1897464_150x0_resize_lanczos_3.png]
[cdnjs.cloudflare.com/ajax/libs/jquery/3.5.1/jquery.min.js]
[cdnjs.cloudflare.com/ajax/libs/instant.page/5.1.0/instantpage.min.js]
[matteocourthoud.github.io/post/bayes_reg/index.html]
[cdnjs.cloudflare.com/ajax/libs/jquery.imagesloaded/4.1.4/imagesloaded.pkgd.min.js]
[cdnjs.cloudflare.com/ajax/libs/jquery.isotope/3.0.6/isotope.pkgd.min.js]
[cdnjs.cloudflare.com/ajax/libs/fancybox/3.5.7/jquery.fancybox.min.js]
[cdnjs.cloudflare.com/ajax/libs/mermaid/8.8.4/mermaid.min.js]
[matteocourthoud.github.io/post/delta/index.html]
[cdnjs.cloudflare.com/ajax/libs/highlight.js/10.2.0/highlight.min.js]
[cdnjs.cloudflare.com/ajax/libs/highlight.js/10.2.0/languages/r.min.js]
[cdnjs.cloudflare.com/ajax/libs/highlight.js/10.2.0/languages/python.min.js]
[cdnjs.cloudflare.com/ajax/libs/highlight.js/10.2.0/languages/julia.min.js]
[cdnjs.cloudflare.com/ajax/libs/leaflet/1.7.1/leaflet.min.js]
[matteocourthoud.github.io/post/quantile_reg/index.html]
[cdnjs.cloudflare.com/ajax/libs/fuse.js/3.2.1/fuse.min.js]
[cdnjs.cloudflare.com/ajax/libs/mark.js/8.11.1/jquery.mark.min.js]
[matteocourthoud.github.io/js/bootstrap.bundle.min.6aed84840afc03ab4d5750157f69c120.js]
[matteocourthoud.github.io/en/js/wowchemy.min.cf8ca859a9b74f8b1cd804621b13e5f1.js]
[matteocourthoud.github.io/index.html]
[cdnjs.cloudflare.com/ajax/libs/font-awesome/5.14.0/css/all.min.css]
[matteocourthoud.github.io/post/online_reg/index.html]
[buttons.github.io/buttons.js]
[cdnjs.cloudflare.com/ajax/libs/fancybox/3.5.7/jquery.fancybox.min.css]
[cdnjs.cloudflare.com/ajax/libs/highlight.js/10.2.0/styles/github.min.css]
[cdnjs.cloudflare.com/ajax/libs/highlight.js/10.2.0/styles/dracula.min.css]
[matteocourthoud.github.io/privacy/index.html]
[matteocourthoud.github.io/post/outliers/index.html]
[matteocourthoud.github.io/terms/index.html]
[cdnjs.cloudflare.com/ajax/libs/leaflet/1.7.1/images/layers.png]
[cdnjs.cloudflare.com/ajax/libs/leaflet/1.7.1/images/layers-2x.png]
[cdnjs.cloudflare.com/ajax/libs/leaflet/1.7.1/images/marker-icon.png]
[cdnjs.cloudflare.com/ajax/libs/leaflet/1.7.1/leaflet.min.css]
[matteocourthoud.github.io/css/wowchemy.5c4def4f00a521426f4eb098155f3342.css]
[matteocourthoud.github.io/index-2.html]
[cdnjs.cloudflare.com/ajax/libs/cookieconsent2/3.1.1/cookieconsent.min.css]
[matteocourthoud.github.io/course/ml-econ/index.xml]
[matteocourthoud.github.io/course/ml-econ/01_regression/index.html]
[matteocourthoud.github.io/course/ml-econ/02_iv/index.html]
[matteocourthoud.github.io/course/ml-econ/03_nonparametric/index.html]
[cdnjs.cloudflare.com/ajax/libs/anchor-js/4.2.2/anchor.min.js]
[matteocourthoud.github.io/course/ml-econ/index.html]
[matteocourthoud.github.io/course/ml-econ/04_crossvalidation/index.html]
[matteocourthoud.github.io/course/data-science/index.html]
[matteocourthoud.github.io/course/data-science/index.xml]
[matteocourthoud.github.io/course/ml-econ/05_regularization/index.html]
[matteocourthoud.github.io/course/ml-econ/06_convexity/index.html]
[matteocourthoud.github.io/course/empirical-io/index.xml]
[matteocourthoud.github.io/course/ml-econ/07_trees/index.html]
[matteocourthoud.github.io/course/ml-econ/08_neuralnets/index.html]
[matteocourthoud.github.io/course/ml-econ/09_postdoubleselection/index.html]
[matteocourthoud.github.io/course/ml-econ/10_unsupervised/index.html]
[matteocourthoud.github.io/course/empirical-io/index.html]
[matteocourthoud.github.io/econometrics/index.html]
[matteocourthoud.github.io/course/metrics/index.xml]
[matteocourthoud.github.io/tag/tutorial/index.html]
[matteocourthoud.github.io/tag/economics/index.html]
[matteocourthoud.github.io/tag/programming/index.html]
[matteocourthoud.github.io/tag/julia/index.html]
[matteocourthoud.github.io/course/metrics/index.html]
[matteocourthoud.github.io/course/data-science/02_data_exploration/index.html]
[matteocourthoud.github.io/course/data-science/01_data_structures/index.html]
[matteocourthoud.github.io/post/index.xml]
[matteocourthoud.github.io/course/data-science/03_data_types/index.html]
[matteocourthoud.github.io/post/bayes_boot/featured_huf353f17d06709682745e19ed277fe6b5_867759_150x0_resize_lanczos_3.png]
[matteocourthoud.github.io/post/synth/featured_huf916487e96949085a846bb4fa6facef2_1458328_150x0_resize_lanczos_3.png]
[matteocourthoud.github.io/post/optimal_stopping/featured_hub6856793d2896180fd299419bc8f069a_464778_150x0_resize_lanczos_3.png]
[matteocourthoud.github.io/post/aipw/featured_hu6e87270d16b74e030028251fd53e2158_257367_150x0_resize_lanczos_3.png]
[matteocourthoud.github.io/course/data-science/04_data_wrangling/index.html]
[matteocourthoud.github.io/post/ipw/featured_hucfc10801d815e7d399816aa66f35a83c_32124_150x0_resize_lanczos_3.png]
[matteocourthoud.github.io/post/index.html]
[matteocourthoud.github.io/course/data-science/05_plotting/index.html]
[matteocourthoud.github.io/author/avatar_hu365eedc833ccd5578a90de7c849ec45e_385094_270x270_fill_q75_lanczos_center.jpg]
[matteocourthoud.github.io/cv/index.html]
[matteocourthoud.github.io/course/data-science/06_ml_pipeline/index.html]
[matteocourthoud.github.io/course/data-science/07_web_scraping/index.html]
[matteocourthoud.github.io/course/index.xml]
[matteocourthoud.github.io/course/index.html]
[matteocourthoud.github.io/tag/python/index.html]
[matteocourthoud.github.io/tag/data-science/index.html]
[matteocourthoud.github.io/project/alg_platform/featured.png]
[matteocourthoud.github.io/project/alg_platform/index.html]
[matteocourthoud.github.io/course/empirical-io/02_demand_estimation/index.html]
[matteocourthoud.github.io/course/empirical-io/07_dynamics_singleagent/index.html]
[matteocourthoud.github.io/project/foreclosure/featured.png]
[matteocourthoud.github.io/project/foreclosure/index.html]
[matteocourthoud.github.io/course/empirical-io/11_logit_demand/index.html]
[matteocourthoud.github.io/course/empirical-io/08_dynamics_games/index.html]
[matteocourthoud.github.io/project/alg_detection/featured.png]
[matteocourthoud.github.io/project/alg_detection/index.html]
[matteocourthoud.github.io/course/empirical-io/12_blp_1995/index.html]
[matteocourthoud.github.io/course/empirical-io/17_rust_1987/index.html]
[matteocourthoud.github.io/project/approximations/featured.png]
[matteocourthoud.github.io/project/approximations/index.html]
[matteocourthoud.github.io/course/empirical-io/02_demand_estimation_slides/index.html]
[matteocourthoud.github.io/project/ownership/featured.png]
[matteocourthoud.github.io/project/ownership/index.html]
[matteocourthoud.github.io/course/empirical-io/08_dynamics_games_slides/index.html]
[matteocourthoud.github.io/course/empirical-io/11_logit_demand_slides/index.html]
[matteocourthoud.github.io/course/empirical-io/07_dynamics_singleagent_slides/index.html]
[matteocourthoud.github.io/course/empirical-io/12_blp_1995_slides/index.html]
[matteocourthoud.github.io/post/bayes_reg/featured.jpg]
[matteocourthoud.github.io/course/empirical-io/17_rust_1987_slides/index.html]
[matteocourthoud.github.io/course/metrics/01_matrices/index.html]
[matteocourthoud.github.io/post/bayes_reg/fig/phones.jpg]
[matteocourthoud.github.io/course/metrics/02_probability/index.html]
[matteocourthoud.github.io/post/bayes_reg/img/bayes_reg_25_0.svg]
[matteocourthoud.github.io/post/bayes_reg/img/bayes_reg_31_0.png]
[matteocourthoud.github.io/course/metrics/03_asymptotics/index.html]
[matteocourthoud.github.io/post/bayes_reg/img/bayes_reg_47_0.png]
[matteocourthoud.github.io/post/bayes_reg/img/bayes_reg_53_0.png]
[matteocourthoud.github.io/course/metrics/04_inference/index.html]
[matteocourthoud.github.io/post/bayes_reg/img/bayes_reg_55_0.png]
[matteocourthoud.github.io/post/bayes_reg/img/bayes_reg_61_0.png]
[matteocourthoud.github.io/post/bayes_reg/img/bayes_reg_67_0.png]
[matteocourthoud.github.io/post/bayes_reg/img/bayes_reg_70_0.png]
[matteocourthoud.github.io/post/bayes_reg/fig/scroll.jpg]
[matteocourthoud.github.io/post/bayes_reg/index.html]
[matteocourthoud.github.io/course/metrics/05_ols_algebra/index.html]
[matteocourthoud.github.io/course/metrics/06_endogeneity/index.html]
[matteocourthoud.github.io/post/delta/featured.png]
[matteocourthoud.github.io/course/metrics/06_ols_inference/index.html]
[matteocourthoud.github.io/post/delta/img/delta_8_0.png]
[matteocourthoud.github.io/post/delta/fig/return.png]
[matteocourthoud.github.io/post/delta/fig/delta_intuition.png]
[matteocourthoud.github.io/post/delta/index.html]
[matteocourthoud.github.io/course/metrics/08_nonparametric/index.html]
[matteocourthoud.github.io/course/metrics/07_endogeneity/index.html]
[matteocourthoud.github.io/post/quantile_reg/featured.png]
[matteocourthoud.github.io/course/metrics/09_selection/index.html]
[matteocourthoud.github.io/post/quantile_reg/img/quantile_reg_14_0.png]
[matteocourthoud.github.io/course/metrics/01_matrices_slides/index.html]
[matteocourthoud.github.io/post/quantile_reg/img/quantile_reg_18_0.png]
[matteocourthoud.github.io/course/metrics/02_probability_slides/index.html]
[matteocourthoud.github.io/post/quantile_reg/fig/rho.png]
[matteocourthoud.github.io/course/metrics/03_asymptotics_slides/index.html]
[matteocourthoud.github.io/post/quantile_reg/img/quantile_reg_37_0.png]
[matteocourthoud.github.io/post/quantile_reg/img/quantile_reg_39_0.png]
[matteocourthoud.github.io/post/quantile_reg/index.html]
[matteocourthoud.github.io/course/metrics/05_ols_algebra_slides/index.html]
[matteocourthoud.github.io/post/online_reg/featured.png]
[matteocourthoud.github.io/course/metrics/04_inference_slides/index.html]
[matteocourthoud.github.io/course/metrics/06_ols_inference_slides/index.html]
[matteocourthoud.github.io/course/metrics/07_endogeneity_slides/index.html]
[matteocourthoud.github.io/post/online_reg/fig/online_reg1.gif]
[matteocourthoud.github.io/course/metrics/08_nonparametric_slides/index.html]
[matteocourthoud.github.io/post/online_reg/fig/online_reg2.gif]
[matteocourthoud.github.io/post/bayes_boot/index.html]
[matteocourthoud.github.io/post/synth/index.html]
[matteocourthoud.github.io/course/metrics/09_selection_slides/index.html]
[matteocourthoud.github.io/post/aipw/index.html]
[matteocourthoud.github.io/post/optimal_stopping/index.html]
[matteocourthoud.github.io/post/online_reg/img/online_reg_39_0.png]
[matteocourthoud.github.io/post/online_reg/index.html]
[matteocourthoud.github.io/post/page/2/index.html]
[matteocourthoud.github.io/post/outliers/featured.png]
[matteocourthoud.github.io/post/ipw/index.html]
[matteocourthoud.github.io/author/matteo-courthoud/index.html]
[matteocourthoud.github.io/post/outliers/img/outliers_9_0.png]
[matteocourthoud.github.io/tag/industrial-organization/index.html]
[matteocourthoud.github.io/post/outliers/img/outliers_18_0.png]
[matteocourthoud.github.io/post/outliers/img/outliers_23_0.png]
[matteocourthoud.github.io/post/outliers/img/outliers_26_0.png]
[matteocourthoud.github.io/post/outliers/img/outliers_31_0.png]
[matteocourthoud.github.io/post/outliers/img/outliers_34_0.png]
[matteocourthoud.github.io/post/outliers/index.html]
[matteocourthoud.github.io/privacy/index.html]
[matteocourthoud.github.io/terms/index.html]
[matteocourthoud.github.io/tag/antitrust/index.html]
[matteocourthoud.github.io/tag/artificial-intelligence/index.html]
[matteocourthoud.github.io/author/gregory-crawford/index.html]
[matteocourthoud.github.io/tag/computation/index.html]
[matteocourthoud.github.io/tag/dynamics/index.html]
[matteocourthoud.github.io/course/ml-econ/img/01_regression_23_0.png]
[matteocourthoud.github.io/course/ml-econ/img/01_regression_29_0.png]
[matteocourthoud.github.io/course/ml-econ/img/01_regression_34_0.png]
[matteocourthoud.github.io/course/ml-econ/img/01_regression_43_0.png]
[matteocourthoud.github.io/course/ml-econ/img/01_regression_48_0.png]
[matteocourthoud.github.io/course/ml-econ/img/01_regression_50_0.png]
[matteocourthoud.github.io/course/ml-econ/img/01_regression_52_0.png]
[matteocourthoud.github.io/course/ml-econ/img/01_regression_79_0.png]
[matteocourthoud.github.io/course/ml-econ/img/01_regression_114_0.png]
[matteocourthoud.github.io/course/ml-econ/img/01_regression_120_0.png]
[matteocourthoud.github.io/course/ml-econ/img/01_regression_128_0.png]
[matteocourthoud.github.io/course/ml-econ/img/01_regression_131_0.png]
[matteocourthoud.github.io/course/ml-econ/img/01_regression_141_0.png]
[matteocourthoud.github.io/course/ml-econ/img/01_regression_150_0.png]
[matteocourthoud.github.io/course/ml-econ/img/01_regression_156_0.png]
[matteocourthoud.github.io/course/ml-econ/img/01_regression_164_0.png]
[matteocourthoud.github.io/course/ml-econ/img/01_regression_167_0.png]
[matteocourthoud.github.io/course/ml-econ/img/01_regression_170_0.png]
[matteocourthoud.github.io/course/ml-econ/img/01_regression_178_0.png]
[matteocourthoud.github.io/course/ml-econ/01_regression/index.html]
[matteocourthoud.github.io/course/ml-econ/img/02_iv_9_0.png]
[matteocourthoud.github.io/course/ml-econ/img/02_iv_28_1.png]
[matteocourthoud.github.io/course/ml-econ/img/02_iv_43_0.png]
[matteocourthoud.github.io/course/ml-econ/02_iv/index.html]
[matteocourthoud.github.io/course/ml-econ/img/03_nonparametric_10_0.png]
[matteocourthoud.github.io/course/ml-econ/img/03_nonparametric_44_0.png]
[matteocourthoud.github.io/course/ml-econ/figures/nonlinearities.jpg]
[matteocourthoud.github.io/course/ml-econ/img/03_nonparametric_69_0.png]
[matteocourthoud.github.io/course/ml-econ/img/03_nonparametric_78_0.png]
[matteocourthoud.github.io/course/ml-econ/img/03_nonparametric_93_0.png]
[matteocourthoud.github.io/course/ml-econ/img/03_nonparametric_98_0.png]
[matteocourthoud.github.io/course/ml-econ/img/03_nonparametric_108_0.png]
[matteocourthoud.github.io/course/ml-econ/img/03_nonparametric_115_0.png]
[matteocourthoud.github.io/course/ml-econ/img/03_nonparametric_122_0.png]
[matteocourthoud.github.io/course/ml-econ/img/03_nonparametric_125_0.png]
[matteocourthoud.github.io/course/ml-econ/img/03_nonparametric_130_0.png]
[matteocourthoud.github.io/course/ml-econ/img/03_nonparametric_140_0.png]
[matteocourthoud.github.io/course/ml-econ/img/03_nonparametric_147_0.png]
[matteocourthoud.github.io/course/ml-econ/03_nonparametric/index.html]
[matteocourthoud.github.io/course/ml-econ/img/04_crossvalidation_15_0.png]
[matteocourthoud.github.io/course/ml-econ/img/04_crossvalidation_26_0.png]
[matteocourthoud.github.io/course/ml-econ/img/04_crossvalidation_37_0.png]
[matteocourthoud.github.io/course/ml-econ/img/04_crossvalidation_52_0.png]
[matteocourthoud.github.io/course/ml-econ/04_crossvalidation/index.html]
[matteocourthoud.github.io/course/ml-econ/img/05_regularization_19_0.png]
[matteocourthoud.github.io/course/ml-econ/img/05_regularization_31_0.png]
[matteocourthoud.github.io/course/ml-econ/img/05_regularization_40_0.png]
[matteocourthoud.github.io/course/ml-econ/img/05_regularization_44_0.png]
[matteocourthoud.github.io/course/ml-econ/img/05_regularization_52_0.png]
[matteocourthoud.github.io/course/ml-econ/img/05_regularization_62_0.png]
[matteocourthoud.github.io/course/ml-econ/img/05_regularization_76_0.png]
[matteocourthoud.github.io/course/ml-econ/img/05_regularization_86_0.png]
[matteocourthoud.github.io/course/ml-econ/05_regularization/figures/ridgelasso.png]
[matteocourthoud.github.io/course/ml-econ/img/05_regularization_100_0.png]
[matteocourthoud.github.io/course/ml-econ/img/05_regularization_108_0.png]
[matteocourthoud.github.io/course/ml-econ/img/05_regularization_117_0.png]
[matteocourthoud.github.io/course/ml-econ/img/05_regularization_131_0.png]
[matteocourthoud.github.io/course/ml-econ/05_regularization/index.html]
[matteocourthoud.github.io/course/ml-econ/img/06_convexity_18_0.png]
[matteocourthoud.github.io/course/ml-econ/img/06_convexity_24_0.png]
[matteocourthoud.github.io/course/ml-econ/img/06_convexity_27_0.png]
[matteocourthoud.github.io/course/ml-econ/img/06_convexity_35_0.png]
[matteocourthoud.github.io/course/ml-econ/img/06_convexity_37_0.png]
[matteocourthoud.github.io/course/ml-econ/img/06_convexity_41_0.png]
[matteocourthoud.github.io/course/ml-econ/img/06_convexity_43_0.png]
[matteocourthoud.github.io/course/ml-econ/img/06_convexity_54_0.png]
[matteocourthoud.github.io/course/ml-econ/img/06_convexity_57_0.png]
[matteocourthoud.github.io/course/ml-econ/img/06_convexity_60_0.png]
[matteocourthoud.github.io/course/ml-econ/img/06_convexity_66_0.png]
[matteocourthoud.github.io/course/ml-econ/img/06_convexity_67_0.png]
[matteocourthoud.github.io/course/ml-econ/img/06_convexity_73_0.png]
[matteocourthoud.github.io/course/ml-econ/img/06_convexity_75_0.png]
[matteocourthoud.github.io/course/ml-econ/img/06_convexity_77_0.png]
[matteocourthoud.github.io/course/ml-econ/img/06_convexity_82_0.png]
[matteocourthoud.github.io/course/ml-econ/img/06_convexity_91_0.png]
[matteocourthoud.github.io/course/ml-econ/img/06_convexity_99_0.png]
[matteocourthoud.github.io/course/ml-econ/img/06_convexity_101_0.png]
[matteocourthoud.github.io/course/ml-econ/06_convexity/index.html]
[matteocourthoud.github.io/course/ml-econ/img/07_trees_10_0.png]
[matteocourthoud.github.io/course/ml-econ/img/07_trees_14_0.png]
[matteocourthoud.github.io/course/ml-econ/img/07_trees_19_0.png]
[matteocourthoud.github.io/course/ml-econ/img/07_trees_45_0.png]
[matteocourthoud.github.io/course/ml-econ/img/07_trees_48_0.png]
[matteocourthoud.github.io/course/ml-econ/img/07_trees_55_0.png]
[matteocourthoud.github.io/course/ml-econ/07_trees/figures/impurity.png]
[matteocourthoud.github.io/course/ml-econ/img/07_trees_72_0.png]
[matteocourthoud.github.io/course/ml-econ/img/07_trees_78_0.png]
[matteocourthoud.github.io/course/ml-econ/img/07_trees_94_0.png]
[matteocourthoud.github.io/course/ml-econ/img/07_trees_101_0.png]
[matteocourthoud.github.io/course/ml-econ/img/07_trees_108_0.png]
[matteocourthoud.github.io/course/ml-econ/img/07_trees_111_0.png]
[matteocourthoud.github.io/course/ml-econ/img/07_trees_120_0.png]
[matteocourthoud.github.io/course/ml-econ/img/07_trees_131_0.png]
[matteocourthoud.github.io/course/ml-econ/07_trees/index.html]
[matteocourthoud.github.io/course/ml-econ/figures/nn1.jpg]
[matteocourthoud.github.io/course/ml-econ/figures/nn2.jpg]
[matteocourthoud.github.io/course/ml-econ/figures/nn3.jpg]
[matteocourthoud.github.io/course/ml-econ/img/08_neuralnets_56_0.png]
[matteocourthoud.github.io/course/ml-econ/img/08_neuralnets_66_0.png]
[matteocourthoud.github.io/course/ml-econ/img/08_neuralnets_76_0.png]
[matteocourthoud.github.io/course/ml-econ/img/08_neuralnets_82_0.png]
[matteocourthoud.github.io/course/ml-econ/img/08_neuralnets_93_0.png]
[matteocourthoud.github.io/course/ml-econ/img/08_neuralnets_103_0.png]
[matteocourthoud.github.io/course/ml-econ/img/08_neuralnets_113_0.png]
[matteocourthoud.github.io/course/ml-econ/img/08_neuralnets_119_0.png]
[matteocourthoud.github.io/course/ml-econ/img/08_neuralnets_124_0.png]
[matteocourthoud.github.io/course/ml-econ/img/08_neuralnets_127_0.png]
[matteocourthoud.github.io/course/ml-econ/img/08_neuralnets_135_0.png]
[matteocourthoud.github.io/course/ml-econ/img/08_neuralnets_141_0.png]
[matteocourthoud.github.io/course/ml-econ/img/08_neuralnets_147_0.png]
[matteocourthoud.github.io/course/ml-econ/figures/cnn1.png]
[matteocourthoud.github.io/course/ml-econ/figures/cnn1.gif]
[matteocourthoud.github.io/course/ml-econ/figures/rnn1.png]
[matteocourthoud.github.io/course/ml-econ/figures/rnn2.png]
[matteocourthoud.github.io/course/ml-econ/figures/rnn3.png]
[matteocourthoud.github.io/course/ml-econ/08_neuralnets/index.html]
[matteocourthoud.github.io/course/ml-econ/img/09_postdoubleselection_36_0.png]
[matteocourthoud.github.io/course/ml-econ/img/09_postdoubleselection_41_0.png]
[matteocourthoud.github.io/course/ml-econ/img/09_postdoubleselection_44_0.png]
[matteocourthoud.github.io/course/ml-econ/img/09_postdoubleselection_48_0.png]
[matteocourthoud.github.io/course/ml-econ/img/09_postdoubleselection_62_0.png]
[matteocourthoud.github.io/course/ml-econ/img/09_postdoubleselection_65_0.png]
[matteocourthoud.github.io/course/ml-econ/img/09_postdoubleselection_69_0.png]
[matteocourthoud.github.io/course/ml-econ/img/09_postdoubleselection_73_0.png]
[matteocourthoud.github.io/course/ml-econ/09_postdoubleselection/index.html]
[matteocourthoud.github.io/course/ml-econ/img/10_unsupervised_30_0.png]
[matteocourthoud.github.io/course/ml-econ/img/10_unsupervised_49_0.png]
[matteocourthoud.github.io/course/ml-econ/img/10_unsupervised_61_0.png]
[matteocourthoud.github.io/course/ml-econ/img/10_unsupervised_71_0.png]
[matteocourthoud.github.io/course/ml-econ/img/10_unsupervised_75_0.png]
[matteocourthoud.github.io/course/ml-econ/img/10_unsupervised_82_0.png]
[matteocourthoud.github.io/course/ml-econ/img/10_unsupervised_88_0.png]
[matteocourthoud.github.io/course/ml-econ/img/10_unsupervised_93_0.png]
[matteocourthoud.github.io/course/ml-econ/img/10_unsupervised_97_0.png]
[matteocourthoud.github.io/course/ml-econ/img/10_unsupervised_103_0.png]
[matteocourthoud.github.io/course/ml-econ/img/10_unsupervised_107_0.png]
[matteocourthoud.github.io/course/ml-econ/img/10_unsupervised_114_0.png]
[matteocourthoud.github.io/course/ml-econ/img/10_unsupervised_126_0.png]
[matteocourthoud.github.io/course/ml-econ/img/10_unsupervised_134_0.png]
[matteocourthoud.github.io/course/ml-econ/img/10_unsupervised_137_0.png]
[matteocourthoud.github.io/course/ml-econ/img/10_unsupervised_144_0.png]
[matteocourthoud.github.io/course/ml-econ/img/10_unsupervised_154_0.png]
[matteocourthoud.github.io/course/ml-econ/img/10_unsupervised_161_0.png]
[matteocourthoud.github.io/course/ml-econ/img/10_unsupervised_166_0.png]
[matteocourthoud.github.io/course/ml-econ/img/10_unsupervised_168_0.png]
[matteocourthoud.github.io/course/ml-econ/img/10_unsupervised_171_0.png]
[matteocourthoud.github.io/course/ml-econ/10_unsupervised/index.html]
[matteocourthoud.github.io/econometrics/index.html]
[matteocourthoud.github.io/tag/tutorial/index.xml]
[matteocourthoud.github.io/tag/tutorial/index.html]
[matteocourthoud.github.io/tag/economics/index.xml]
[matteocourthoud.github.io/tag/economics/index.html]
[matteocourthoud.github.io/tag/programming/index.xml]
[matteocourthoud.github.io/tag/programming/index.html]
[matteocourthoud.github.io/tag/julia/index.xml]
[matteocourthoud.github.io/tag/julia/index.html]
[matteocourthoud.github.io/course/data-science/01_data_structures/index.html]
[matteocourthoud.github.io/course/data-science/02_data_exploration/index.html]
[matteocourthoud.github.io/course/data-science/03_data_types/index.html]
[matteocourthoud.github.io/course/data-science/04_data_wrangling/index.html]
[matteocourthoud.github.io/course/data-science/img/05_plotting_17_0.png]
[matteocourthoud.github.io/course/data-science/01_data_exploration/index.html]
[matteocourthoud.github.io/course/data-science/img/05_plotting_19_0.png]
[matteocourthoud.github.io/course/data-science/img/05_plotting_21_0.png]
[matteocourthoud.github.io/course/data-science/03_data_wrangling/index.html]
[matteocourthoud.github.io/course/data-science/img/05_plotting_23_0.png]
[matteocourthoud.github.io/course/data-science/img/05_plotting_25_0.png]
[matteocourthoud.github.io/course/data-science/img/05_plotting_27_0.png]
[matteocourthoud.github.io/course/data-science/img/05_plotting_29_0.png]
[matteocourthoud.github.io/course/data-science/img/05_plotting_32_0.png]
[matteocourthoud.github.io/course/data-science/img/05_plotting_34_0.png]
[matteocourthoud.github.io/course/data-science/img/05_plotting_38_0.png]
[matteocourthoud.github.io/course/data-science/img/05_plotting_40_0.png]
[matteocourthoud.github.io/course/data-science/img/05_plotting_42_0.png]
[matteocourthoud.github.io/course/data-science/img/05_plotting_44_0.png]
[matteocourthoud.github.io/course/data-science/img/05_plotting_46_0.png]
[matteocourthoud.github.io/course/data-science/img/05_plotting_48_0.png]
[matteocourthoud.github.io/course/data-science/img/05_plotting_50_0.png]
[matteocourthoud.github.io/course/data-science/img/05_plotting_52_0.png]
[matteocourthoud.github.io/course/data-science/img/05_plotting_55_0.png]
[matteocourthoud.github.io/course/data-science/img/05_plotting_61_0.png]
[matteocourthoud.github.io/course/data-science/05_plotting/index.html]
[matteocourthoud.github.io/course/data-science/img/06_ml_pipeline_24_0.png]
[matteocourthoud.github.io/course/data-science/img/06_ml_pipeline_27_0.png]
[matteocourthoud.github.io/course/data-science/img/06_ml_pipeline_32_0.png]
[matteocourthoud.github.io/course/data-science/img/06_ml_pipeline_48_0.png]
[matteocourthoud.github.io/course/data-science/img/06_ml_pipeline_54_0.png]
[matteocourthoud.github.io/course/data-science/img/06_ml_pipeline_57_0.png]
[matteocourthoud.github.io/course/data-science/img/06_ml_pipeline_60_0.png]
[matteocourthoud.github.io/course/data-science/img/06_ml_pipeline_69_0.png]
[matteocourthoud.github.io/course/data-science/06_ml_pipeline/index.html]
[matteocourthoud.github.io/course/data-science/img/07_web_scraping_16_0.png]
[matteocourthoud.github.io/course/data-science/07_web_scraping/index.html]
[matteocourthoud.github.io/tag/data-science/index.xml]
[matteocourthoud.github.io/tag/data-science/index.html]
[matteocourthoud.github.io/tag/python/index.xml]
[matteocourthoud.github.io/tag/python/index.html]
[matteocourthoud.github.io/course/empirical-io/02_demand_estimation/index.html]
[matteocourthoud.github.io/course/empirical-io/img/7_01.png]
[matteocourthoud.github.io/course/empirical-io/07_dynamics_singleagent/index.html]
[matteocourthoud.github.io/course/empirical-io/08_dynamics_games/index.html]
[matteocourthoud.github.io/course/empirical-io/11_logit_demand/index.html]
[matteocourthoud.github.io/course/empirical-io/12_blp_1995/index.html]
[matteocourthoud.github.io/course/empirical-io/17_rust_1987/index.html]
[www.google-analytics.com/analytics.js]
[matteocourthoud.github.io/course/empirical-io/02_demand_estimation_slides/theme/css/index.html]
[mathjax.rstudio.com/2.7.2/MathJaxdda6.js]
[matteocourthoud.github.io/course/empirical-io/02_demand_estimation_slides/index.html]
[matteocourthoud.github.io/course/empirical-io/07_dynamics_singleagent_slides/index.html]
[matteocourthoud.github.io/course/empirical-io/08_dynamics_games_slides/index.html]
[matteocourthoud.github.io/course/empirical-io/11_logit_demand_slides/index.html]
[matteocourthoud.github.io/course/empirical-io/07_dynamics_singleagent_slides/theme/css/index.html]
[matteocourthoud.github.io/course/empirical-io/08_dynamics_games_slides/theme/css/index.html]
[matteocourthoud.github.io/course/empirical-io/12_blp_1995_slides/index.html]
[matteocourthoud.github.io/course/empirical-io/17_rust_1987_slides/index.html]
[matteocourthoud.github.io/course/empirical-io/11_logit_demand_slides/theme/css/index.html]
[matteocourthoud.github.io/course/metrics/01_matrices/index.html]
[matteocourthoud.github.io/course/empirical-io/12_blp_1995_slides/theme/css/index.html]
[matteocourthoud.github.io/course/metrics/02_probability/index.html]
[matteocourthoud.github.io/course/metrics/03_asymptotics/index.html]
[matteocourthoud.github.io/course/metrics/04_inference/index.html]
[matteocourthoud.github.io/course/metrics/05_ols_algebra/index.html]
[matteocourthoud.github.io/course/empirical-io/17_rust_1987_slides/theme/css/index.html]
[matteocourthoud.github.io/course/metrics/img/Fig_441.png]
[matteocourthoud.github.io/course/metrics/img/Fig_451.png]
[matteocourthoud.github.io/course/metrics/06_endogeneity/index.html]
[matteocourthoud.github.io/course/metrics/img/Fig_331.jpg]
[matteocourthoud.github.io/course/metrics/img/Fig_332.png]
[matteocourthoud.github.io/course/metrics/06_ols_inference/index.html]
[matteocourthoud.github.io/course/metrics/07_endogeneity/index.html]
[matteocourthoud.github.io/course/metrics/img/Fig_521.png]
[matteocourthoud.github.io/course/metrics/img/Fig_522.png]
[matteocourthoud.github.io/course/metrics/img/Fig_523.png]
[matteocourthoud.github.io/course/metrics/img/Fig_524.png]
[matteocourthoud.github.io/course/metrics/img/Fig_531.png]
[matteocourthoud.github.io/course/metrics/img/Fig_541.png]
[matteocourthoud.github.io/course/metrics/08_nonparametric/index.html]
[matteocourthoud.github.io/course/metrics/img/Fig_551.png]
[matteocourthoud.github.io/course/metrics/img/Fig_642.png]
[matteocourthoud.github.io/course/metrics/img/Fig_621.png]
[matteocourthoud.github.io/course/metrics/img/Fig_623.png]
[matteocourthoud.github.io/course/metrics/img/Fig_641.png]
[matteocourthoud.github.io/course/metrics/09_selection/index.html]
[matteocourthoud.github.io/course/metrics/01_matrices_slides/index.html]
[matteocourthoud.github.io/course/metrics/02_probability_slides/index.html]
[matteocourthoud.github.io/course/metrics/03_asymptotics_slides/index.html]
[matteocourthoud.github.io/course/metrics/01_matrices_slides/theme/css/index.html]
[matteocourthoud.github.io/course/metrics/02_probability_slides/theme/css/index.html]
[matteocourthoud.github.io/course/metrics/04_inference_slides/index.html]
[matteocourthoud.github.io/course/metrics/05_ols_algebra_slides/index.html]
[matteocourthoud.github.io/course/metrics/03_asymptotics_slides/theme/css/index.html]
[matteocourthoud.github.io/course/metrics/04_inference_slides/theme/css/index.html]
[matteocourthoud.github.io/course/metrics/06_ols_inference_slides/index.html]
[matteocourthoud.github.io/course/metrics/05_ols_algebra_slides/theme/css/index.html]
[matteocourthoud.github.io/course/metrics/07_endogeneity_slides/index.html]
[matteocourthoud.github.io/course/metrics/06_ols_inference_slides/theme/css/index.html]
[matteocourthoud.github.io/course/metrics/07_endogeneity_slides/theme/css/index.html]
[matteocourthoud.github.io/course/metrics/08_nonparametric_slides/index.html]
[matteocourthoud.github.io/course/metrics/08_nonparametric_slides/theme/css/index.html]
[matteocourthoud.github.io/course/metrics/09_selection_slides/index.html]
[matteocourthoud.github.io/course/metrics/09_selection_slides/theme/css/index.html]
[matteocourthoud.github.io/post/bayes_boot/featured.png]
[matteocourthoud.github.io/post/bayes_boot/img/bayes_boot_9_0.png]
[matteocourthoud.github.io/post/bayes_boot/img/bayes_boot_13_0.png]
[matteocourthoud.github.io/post/bayes_boot/img/bayes_boot_17_0.png]
[matteocourthoud.github.io/post/bayes_boot/img/bayes_boot_19_0.png]
[matteocourthoud.github.io/post/bayes_boot/img/bayes_boot_25_0.png]
[matteocourthoud.github.io/post/bayes_boot/img/bayes_boot_32_0.png]
[matteocourthoud.github.io/post/bayes_boot/img/bayes_boot_40_0.png]
[matteocourthoud.github.io/post/bayes_boot/img/bayes_boot_55_0.png]
[platform.twitter.com/widgets.js]
[matteocourthoud.github.io/post/bayes_boot/index.html]
[matteocourthoud.github.io/post/synth/featured.png]
[matteocourthoud.github.io/post/synth/fig/miami_skyline_text.jpg]
[matteocourthoud.github.io/post/synth/img/synth_22_0.png]
[matteocourthoud.github.io/post/synth/fig/synth1.png]
[matteocourthoud.github.io/post/synth/fig/synth3.png]
[matteocourthoud.github.io/post/synth/fig/synth2.png]
[matteocourthoud.github.io/post/synth/img/synth_44_0.png]
[matteocourthoud.github.io/post/synth/img/synth_46_0.png]
[matteocourthoud.github.io/post/synth/img/synth_53_0.png]
[matteocourthoud.github.io/post/synth/img/synth_56_0.png]
[matteocourthoud.github.io/post/synth/img/synth_58_0.png]
[matteocourthoud.github.io/post/synth/img/synth_62_0.png]
[matteocourthoud.github.io/post/synth/img/synth_64_0.png]
[matteocourthoud.github.io/post/synth/img/synth_68_0.png]
[matteocourthoud.github.io/post/synth/index.html]
[matteocourthoud.github.io/post/optimal_stopping/featured.png]
[matteocourthoud.github.io/post/optimal_stopping/img/optimal_stopping_11_0.png]
[matteocourthoud.github.io/post/optimal_stopping/img/optimal_stopping_18_0.png]
[matteocourthoud.github.io/post/optimal_stopping/img/optimal_stopping_22_1.png]
[matteocourthoud.github.io/post/optimal_stopping/img/optimal_stopping_24_1.png]
[matteocourthoud.github.io/post/optimal_stopping/img/optimal_stopping_43_0.png]
[matteocourthoud.github.io/post/optimal_stopping/img/optimal_stopping_45_0.png]
[matteocourthoud.github.io/post/optimal_stopping/img/optimal_stopping_47_1.png]
[matteocourthoud.github.io/post/optimal_stopping/img/optimal_stopping_49_1.png]
[matteocourthoud.github.io/post/optimal_stopping/img/optimal_stopping_51_1.png]
[matteocourthoud.github.io/post/optimal_stopping/index.html]
[matteocourthoud.github.io/post/aipw/featured.png]
[matteocourthoud.github.io/post/aipw/fig/fusion.gif]
[matteocourthoud.github.io/post/aipw/fig/modes.png]
[matteocourthoud.github.io/post/aipw/img/aipw_38_0.png]
[matteocourthoud.github.io/post/aipw/img/aipw_62_0.png]
[matteocourthoud.github.io/post/aipw/img/aipw_64_0.png]
[matteocourthoud.github.io/post/aipw/img/aipw_66_0.png]
[matteocourthoud.github.io/post/aipw/index.html]
[matteocourthoud.github.io/post/ipw/featured.png]
[matteocourthoud.github.io/post/ipw/fig/modes.png]
[matteocourthoud.github.io/post/ipw/img/ipw_16_0.png]
[matteocourthoud.github.io/post/ipw/img/ipw_28_0.png]
[matteocourthoud.github.io/post/ipw/img/ipw_31_0.png]
[matteocourthoud.github.io/post/ipw/img/ipw_43_0.png]
[matteocourthoud.github.io/post/ipw/index.html]
[matteocourthoud.github.io/post/meta/featured_hu14f87d1923794d148a13dcbe377c175c_735722_150x0_resize_lanczos_3.png]
[matteocourthoud.github.io/post/cuped/featured_hu2a77b6635bc9efdda5f232fa4cf1f72f_269399_150x0_resize_lanczos_3.png]
[matteocourthoud.github.io/post/meta/index.html]
[matteocourthoud.github.io/post/cuped/index.html]
[matteocourthoud.github.io/post/compare/featured_hu9d9209252534cdc2cdfebfac3703df98_156199_150x0_resize_lanczos_3.png]
[matteocourthoud.github.io/post/distr/featured_hu08a97e17f0c0e52194dc23c19a7eeec4_80215_150x0_resize_lanczos_3.png]
[matteocourthoud.github.io/post/cbias/featured_hu500cecf0378bdf0849ef01ec82321db6_233216_150x0_resize_lanczos_3.png]
[matteocourthoud.github.io/post/combperm/featured_hud121b4329fade891ee39660312cc951b_1226689_150x0_resize_lanczos_3.png]
[matteocourthoud.github.io/post/compare/index.html]
[matteocourthoud.github.io/post/pds/featured_hub843748c1730c9d889ba82a9bac6353a_145127_150x0_resize_lanczos_3.png]
[matteocourthoud.github.io/post/pretest/featured_huf6ede626539881418c59286a0595426f_88188_150x0_resize_lanczos_3.png]
[matteocourthoud.github.io/post/chisquared/featured_hu02349f527d7b90876d9d2b1523bcd90a_74881_150x0_resize_lanczos_3.png]
[matteocourthoud.github.io/post/distr_compare/featured_huaad31a8d321bf9ec2848748b85574ee0_49339_150x0_resize_lanczos_3.png]
[matteocourthoud.github.io/post/page/2/index.html]
[matteocourthoud.github.io/post/distr/index.html]
[matteocourthoud.github.io/author/matteo-courthoud/index.html]
[matteocourthoud.github.io/author/matteo-courthoud/index.xml]
[matteocourthoud.github.io/post/combperm/index.html]
[matteocourthoud.github.io/post/cbias/index.html]
[matteocourthoud.github.io/tag/industrial-organization/index.html]
[matteocourthoud.github.io/tag/industrial-organization/index.xml]
[matteocourthoud.github.io/post/pretest/index.html]
[matteocourthoud.github.io/post/pds/index.html]
[matteocourthoud.github.io/tag/antitrust/index.html]
[matteocourthoud.github.io/tag/antitrust/index.xml]
[matteocourthoud.github.io/tag/artificial-intelligence/index.xml]
[matteocourthoud.github.io/tag/artificial-intelligence/index.html]
[matteocourthoud.github.io/post/chisquared/index.html]
[matteocourthoud.github.io/post/distr_compare/index.html]
[matteocourthoud.github.io/post/page/3/index.html]
[matteocourthoud.github.io/author/gregory-crawford/index.xml]
[matteocourthoud.github.io/author/gregory-crawford/index.html]
[matteocourthoud.github.io/tag/computation/index.xml]
[matteocourthoud.github.io/tag/computation/index.html]
[matteocourthoud.github.io/tag/dynamics/index.xml]
[matteocourthoud.github.io/tag/dynamics/index.html]
[matteocourthoud.github.io/post/bayes_reg/img/bayes_reg_25_0.html]
[matteocourthoud.github.io/course/ml-econ/05_regularization/figures/ridgelasso.html]
[matteocourthoud.github.io/course/ml-econ/07_trees/figures/impurity.html]
[matteocourthoud.github.io/course/data-science/01_data_exploration/index.html]
[matteocourthoud.github.io/course/data-science/03_data_wrangling/index.html]
[matteocourthoud.github.io/course/empirical-io/02_demand_estimation_slides/theme/css/index.html]
[matteocourthoud.github.io/course/data-science/04_plotting/index.html]
[matteocourthoud.github.io/course/data-science/05_ml_pipeline/index.html]
[matteocourthoud.github.io/course/empirical-io/07_dynamics_singleagent_slides/theme/css/index.html]
[matteocourthoud.github.io/course/data-science/02_data_types/index.html]
[matteocourthoud.github.io/course/empirical-io/08_dynamics_games_slides/theme/css/index.html]
[matteocourthoud.github.io/course/empirical-io/11_logit_demand_slides/theme/css/index.html]
[matteocourthoud.github.io/course/empirical-io/12_blp_1995_slides/theme/css/index.html]
[matteocourthoud.github.io/course/empirical-io/17_rust_1987_slides/theme/css/index.html]
[matteocourthoud.github.io/course/metrics/img/Fig_331.html]
[matteocourthoud.github.io/course/metrics/01_matrices_slides/theme/css/index.html]
[matteocourthoud.github.io/course/metrics/02_probability_slides/theme/css/index.html]
[matteocourthoud.github.io/course/metrics/03_asymptotics_slides/theme/css/index.html]
[matteocourthoud.github.io/course/metrics/04_inference_slides/theme/css/index.html]
[matteocourthoud.github.io/course/metrics/05_ols_algebra_slides/theme/css/index.html]
[matteocourthoud.github.io/course/metrics/06_ols_inference_slides/theme/css/index.html]
[matteocourthoud.github.io/course/metrics/07_endogeneity_slides/theme/css/index.html]
[matteocourthoud.github.io/course/metrics/08_nonparametric_slides/theme/css/index.html]
[matteocourthoud.github.io/course/metrics/09_selection_slides/theme/css/index.html]
[matteocourthoud.github.io/post/website/index.html]
[matteocourthoud.github.io/course/data-science/06_web_scraping/index.html]
[matteocourthoud.github.io/css/wowchemy.431c3d640fb033a4e976f2978367bc3e.css]
[matteocourthoud.github.io/post/meta/featured.png]
[matteocourthoud.github.io/post/meta/img/meta_13_0.png]
[matteocourthoud.github.io/post/meta/img/meta_17_0.png]
[matteocourthoud.github.io/post/meta/img/meta_25_0.png]
[matteocourthoud.github.io/post/meta/img/meta_31_0.png]
[matteocourthoud.github.io/post/meta/img/meta_37_0.png]
[matteocourthoud.github.io/post/meta/index.html]
[matteocourthoud.github.io/post/cuped/featured.png]
[matteocourthoud.github.io/post/cuped/img/cuped_53_0.png]
[matteocourthoud.github.io/post/cuped/img/cuped_61_0.png]
[matteocourthoud.github.io/post/cuped/index.html]
[matteocourthoud.github.io/post/compare/featured.png]
[matteocourthoud.github.io/post/compare/img/compare_27_0.png]
[matteocourthoud.github.io/post/compare/index.html]
[matteocourthoud.github.io/post/distr/featured.png]
[matteocourthoud.github.io/post/distr/img/distr_12_0.png]
[matteocourthoud.github.io/post/distr/img/distr_16_0.png]
[matteocourthoud.github.io/post/distr/img/distr_18_0.png]
[matteocourthoud.github.io/post/distr/img/distr_22_0.png]
[matteocourthoud.github.io/post/distr/img/distr_26_0.png]
[matteocourthoud.github.io/post/distr/img/distr_32_0.png]
[matteocourthoud.github.io/post/distr/img/distr_55_0.png]
[matteocourthoud.github.io/post/distr/img/distr_69_0.png]
[matteocourthoud.github.io/post/distr/img/distr_78_0.png]
[matteocourthoud.github.io/post/distr/img/distr_82_0.png]
[matteocourthoud.github.io/post/distr/img/distr_86_0.png]
[matteocourthoud.github.io/post/distr/index.html]
[matteocourthoud.github.io/post/cbias/featured.png]
[matteocourthoud.github.io/post/cbias/fig/buttons.png]
[matteocourthoud.github.io/post/cbias/fig/randomization.png]
[matteocourthoud.github.io/post/cbias/fig/effects.png]
[matteocourthoud.github.io/post/cbias/img/cbias_35_0.png]
[matteocourthoud.github.io/post/cbias/img/cbias_40_0.png]
[matteocourthoud.github.io/post/cbias/index.html]
[matteocourthoud.github.io/post/combperm/featured.png]
[matteocourthoud.github.io/post/combperm/fig/perm_repl.png]
[matteocourthoud.github.io/post/combperm/fig/perm.png]
[matteocourthoud.github.io/post/combperm/fig/comb.png]
[matteocourthoud.github.io/post/combperm/fig/comb_repl.png]
[matteocourthoud.github.io/post/combperm/index.html]
[matteocourthoud.github.io/post/pds/featured.png]
[matteocourthoud.github.io/post/pds/img/pds_17_0.png]
[matteocourthoud.github.io/post/pds/img/pds_23_0.png]
[matteocourthoud.github.io/post/pds/img/pds_25_0.png]
[matteocourthoud.github.io/post/pds/img/pds_27_0.png]
[matteocourthoud.github.io/post/pds/index.html]
[matteocourthoud.github.io/post/pretest/featured.png]
[matteocourthoud.github.io/post/pretest/img/pretest_16_0.png]
[matteocourthoud.github.io/post/pretest/img/pretest_20_0.png]
[matteocourthoud.github.io/post/pretest/img/pretest_22_0.png]
[matteocourthoud.github.io/post/pretest/img/pretest_24_0.png]
[matteocourthoud.github.io/post/pretest/index.html]
[matteocourthoud.github.io/post/chisquared/featured.png]
[matteocourthoud.github.io/post/chisquared/img/chisquared_13_0.png]
[matteocourthoud.github.io/post/chisquared/img/chisquared_15_0.png]
[matteocourthoud.github.io/post/chisquared/img/chisquared_20_0.png]
[matteocourthoud.github.io/post/chisquared/img/chisquared_26_0.png]
[matteocourthoud.github.io/post/chisquared/img/chisquared_29_0.png]
[matteocourthoud.github.io/post/chisquared/img/chisquared_41_0.png]
[matteocourthoud.github.io/post/chisquared/img/chisquared_43_0.png]
[matteocourthoud.github.io/post/chisquared/img/chisquared_45_0.png]
[matteocourthoud.github.io/post/chisquared/img/chisquared_53_0.png]
[matteocourthoud.github.io/post/chisquared/img/chisquared_57_0.png]
[matteocourthoud.github.io/post/chisquared/index.html]
[matteocourthoud.github.io/post/distr_compare/featured.png]
[matteocourthoud.github.io/post/distr_compare/img/distr_compare_9_0.png]
[matteocourthoud.github.io/post/distr_compare/img/distr_compare_11_0.png]
[matteocourthoud.github.io/post/distr_compare/img/distr_compare_13_0.png]
[matteocourthoud.github.io/post/distr_compare/img/distr_compare_15_0.png]
[matteocourthoud.github.io/post/distr_compare/img/distr_compare_17_0.png]
[matteocourthoud.github.io/post/distr_compare/img/distr_compare_19_0.png]
[matteocourthoud.github.io/post/distr_compare/img/distr_compare_23_0.png]
[matteocourthoud.github.io/post/distr_compare/img/distr_compare_45_0.png]
[matteocourthoud.github.io/post/distr_compare/img/distr_compare_53_0.png]
[matteocourthoud.github.io/post/distr_compare/index.html]
[matteocourthoud.github.io/post/ovb/featured_hudc87681724ee8ff9863abda544b0aaf6_63827_150x0_resize_lanczos_3.png]
[matteocourthoud.github.io/post/binscatter/featured_hue96eac617989eae82a4cab098a679869_40345_150x0_resize_lanczos_3.png]
[matteocourthoud.github.io/post/ovb/index.html]
[matteocourthoud.github.io/post/binscatter/index.html]
[matteocourthoud.github.io/post/fwl/featured_hu5e594d9196fe43466b6adfaa0ccd8cf5_67417_150x0_resize_lanczos_3.png]
[matteocourthoud.github.io/post/controls/featured_hufc7f9f840e4b91500dec204293bbfc16_87663_150x0_resize_lanczos_3.png]
[matteocourthoud.github.io/post/website/featured_hu1cdf008daaf5fbc325e1f58efb06aacb_72318_150x0_resize_q75_lanczos.jpg]
[matteocourthoud.github.io/post/fwl/index.html]
[matteocourthoud.github.io/post/causal_trees/featured_hub80b68e719cb55762253a9ac028399b3_100548_150x0_resize_lanczos_3.png]
[matteocourthoud.github.io/post/diff_in_diffs/featured_huc810ef235df90e688cf510c24b076b88_45268_150x0_resize_lanczos_3.png]
[matteocourthoud.github.io/post/iv/featured_hu9194dc3130ab2d4b5eabab2d169a6b1c_77376_150x0_resize_lanczos_3.png]
[matteocourthoud.github.io/post/permutation_test/featured_hud133acbcbb807d51adb439529f4ee745_29932_150x0_resize_lanczos_3.png]
[matteocourthoud.github.io/post/policy_learning/featured_hubf0e5b58364d6e113471c30033842773_52521_150x0_resize_lanczos_3.png]
[matteocourthoud.github.io/post/page/3/index.html]
[matteocourthoud.github.io/css/wowchemy.431c3d640fb033a4e976f2978367bc3e.css]
[matteocourthoud.github.io/course/data-science/02_data_types/index.html]
[matteocourthoud.github.io/post/causal_trees/index.html]
[matteocourthoud.github.io/post/controls/index.html]
[matteocourthoud.github.io/post/permutation_test/index.html]
[matteocourthoud.github.io/post/policy_learning/index.html]
[matteocourthoud.github.io/post/diff_in_diffs/index.html]
[matteocourthoud.github.io/post/iv/index.html]
[matteocourthoud.github.io/course/data-science/img/04_plotting_13_0.png]
[matteocourthoud.github.io/post/page/4/index.html]
[matteocourthoud.github.io/course/data-science/img/04_plotting_15_0.png]
[matteocourthoud.github.io/course/data-science/img/04_plotting_17_0.png]
[matteocourthoud.github.io/course/data-science/img/04_plotting_19_0.png]
[matteocourthoud.github.io/course/data-science/img/04_plotting_21_0.png]
[matteocourthoud.github.io/course/data-science/img/04_plotting_23_0.png]
[matteocourthoud.github.io/course/data-science/img/04_plotting_25_0.png]
[matteocourthoud.github.io/course/data-science/img/04_plotting_28_0.png]
[matteocourthoud.github.io/course/data-science/img/04_plotting_30_0.png]
[matteocourthoud.github.io/course/data-science/img/04_plotting_34_0.png]
[matteocourthoud.github.io/course/data-science/img/04_plotting_36_0.png]
[matteocourthoud.github.io/course/data-science/img/04_plotting_38_0.png]
[matteocourthoud.github.io/course/data-science/img/04_plotting_40_0.png]
[matteocourthoud.github.io/course/data-science/img/04_plotting_42_0.png]
[matteocourthoud.github.io/course/data-science/img/04_plotting_44_0.png]
[matteocourthoud.github.io/course/data-science/img/04_plotting_46_0.png]
[matteocourthoud.github.io/course/data-science/img/04_plotting_49_0.png]
[matteocourthoud.github.io/course/data-science/img/04_plotting_55_0.png]
[matteocourthoud.github.io/course/data-science/04_plotting/index.html]
[matteocourthoud.github.io/course/data-science/img/05_ml_pipeline_24_0.png]
[matteocourthoud.github.io/course/data-science/img/05_ml_pipeline_27_0.png]
[matteocourthoud.github.io/course/data-science/06_plotting/index.html]
[matteocourthoud.github.io/course/data-science/img/05_ml_pipeline_32_0.png]
[matteocourthoud.github.io/course/data-science/img/05_ml_pipeline_48_0.png]
[matteocourthoud.github.io/course/data-science/img/05_ml_pipeline_54_0.png]
[matteocourthoud.github.io/course/data-science/img/05_ml_pipeline_57_0.png]
[matteocourthoud.github.io/course/data-science/img/05_ml_pipeline_60_0.png]
[matteocourthoud.github.io/course/data-science/img/05_ml_pipeline_69_0.png]
[matteocourthoud.github.io/course/data-science/05_ml_pipeline/index.html]
[matteocourthoud.github.io/course/data-science/img/06_web_scraping_16_0.png]
[matteocourthoud.github.io/course/data-science/06_web_scraping/index.html]
[matteocourthoud.github.io/post/website/featured.jpg]
[matteocourthoud.github.io/post/website/img/new_repo.png]
[matteocourthoud.github.io/post/website/img/name_repo.png]
[matteocourthoud.github.io/post/website/img/new_project.png]
[matteocourthoud.github.io/post/website/img/new_project2.png]
[matteocourthoud.github.io/post/website/img/new_project3.png]
[matteocourthoud.github.io/post/website/img/new_project4.png]
[matteocourthoud.github.io/post/website/img/folder.png]
[matteocourthoud.github.io/post/website/img/hugo_build.png]
[matteocourthoud.github.io/post/website/img/folder2.png]
[matteocourthoud.github.io/post/website/img/prevew.png]
[matteocourthoud.github.io/post/website/img/preview2.png]
[matteocourthoud.github.io/post/website/img/username.png]
[matteocourthoud.github.io/post/website/img/files.png]
[matteocourthoud.github.io/post/website/img/images.png]
[matteocourthoud.github.io/post/website/img/widgets.png]
[matteocourthoud.github.io/post/website/img/custom_theme.png]
[matteocourthoud.github.io/post/website/img/custom_font.png]
[matteocourthoud.github.io/post/website/img/config_before.png]
[matteocourthoud.github.io/post/website/img/config_after.png]
[matteocourthoud.github.io/post/website/img/section_heading_before.png]
[matteocourthoud.github.io/post/website/img/section_heading_after.png]
[matteocourthoud.github.io/post/website/img/background_widget.png]
[matteocourthoud.github.io/post/website/img/background_widget2.png]
[matteocourthoud.github.io/post/website/index.html]
[matteocourthoud.github.io/post/ovb/featured.png]
[matteocourthoud.github.io/post/ovb/other/ovb.png]
[matteocourthoud.github.io/post/ovb/img/ovb_17_0.png]
[matteocourthoud.github.io/post/ovb/img/ovb_19_0.png]
[matteocourthoud.github.io/post/ovb/img/ovb_21_0.png]
[matteocourthoud.github.io/post/ovb/index.html]
[matteocourthoud.github.io/post/binscatter/featured.png]
[matteocourthoud.github.io/post/binscatter/img/binscatter_7_0.png]
[matteocourthoud.github.io/post/binscatter/img/binscatter_11_0.png]
[matteocourthoud.github.io/post/binscatter/img/binscatter_13_0.png]
[matteocourthoud.github.io/post/binscatter/img/binscatter_17_0.png]
[matteocourthoud.github.io/post/binscatter/img/binscatter_33_0.png]
[matteocourthoud.github.io/post/binscatter/img/binscatter_35_0.png]
[matteocourthoud.github.io/post/binscatter/img/binscatter_37_0.png]
[matteocourthoud.github.io/post/binscatter/index.html]
[matteocourthoud.github.io/post/fwl/featured.png]
[matteocourthoud.github.io/post/fwl/img/fwl_12_0.png]
[matteocourthoud.github.io/post/fwl/img/fwl_24_0.png]
[matteocourthoud.github.io/post/fwl/gifs/fwl.gif]
[matteocourthoud.github.io/post/fwl/img/fwl_39_0.png]
[matteocourthoud.github.io/post/fwl/img/fwl_43_0.png]
[matteocourthoud.github.io/post/fwl/index.html]
[matteocourthoud.github.io/post/controls/featured.png]
[matteocourthoud.github.io/post/controls/index.html]
[matteocourthoud.github.io/post/causal_trees/featured.png]
[matteocourthoud.github.io/post/causal_trees/img/causal_trees_18_0.png]
[matteocourthoud.github.io/post/causal_trees/img/causal_trees_32_0.png]
[matteocourthoud.github.io/post/causal_trees/img/causal_trees_36_0.png]
[matteocourthoud.github.io/post/causal_trees/img/causal_trees_50_0.png]
[matteocourthoud.github.io/post/causal_trees/index.html]
[matteocourthoud.github.io/post/diff_in_diffs/featured.png]
[matteocourthoud.github.io/post/diff_in_diffs/img/diff_in_diffs_26_0.png]
[matteocourthoud.github.io/post/diff_in_diffs/index.html]
[matteocourthoud.github.io/post/iv/featured.png]
[matteocourthoud.github.io/post/iv/img/iv_6_0.svg]
[matteocourthoud.github.io/post/iv/img/iv_20_0.svg]
[matteocourthoud.github.io/post/iv/img/iv_31_0.png]
[matteocourthoud.github.io/post/iv/img/iv_35_0.png]
[matteocourthoud.github.io/post/iv/img/iv_42_0.svg]
[matteocourthoud.github.io/post/iv/img/iv_57_0.png]
[matteocourthoud.github.io/post/iv/img/iv_68_0.svg]
[matteocourthoud.github.io/post/iv/img/iv_71_0.png]
[matteocourthoud.github.io/post/iv/index.html]
[matteocourthoud.github.io/post/permutation_test/featured.png]
[matteocourthoud.github.io/post/permutation_test/img/permutation_test_29_0.png]
[matteocourthoud.github.io/post/permutation_test/img/permutation_test_36_0.png]
[matteocourthoud.github.io/post/permutation_test/img/permutation_test_45_0.png]
[matteocourthoud.github.io/post/permutation_test/index.html]
[matteocourthoud.github.io/post/policy_learning/featured.png]
[matteocourthoud.github.io/post/policy_learning/img/policy_learning_18_0.png]
[matteocourthoud.github.io/post/policy_learning/img/policy_learning_39_0.png]
[matteocourthoud.github.io/post/policy_learning/img/policy_learning_41_0.png]
[matteocourthoud.github.io/post/policy_learning/img/policy_learning_43_0.png]
[matteocourthoud.github.io/post/policy_learning/img/policy_learning_45_0.png]
[matteocourthoud.github.io/post/policy_learning/index.html]
[matteocourthoud.github.io/post/propensity_score/featured_hu836142b6e9fdb2f9e92b284114d66e23_35569_150x0_resize_lanczos_3.png]
[matteocourthoud.github.io/post/propensity_score/index.html]
[matteocourthoud.github.io/post/regression_discontinuity/featured_hu4ca54a8667097688958ca5c4d8d1ef01_96553_150x0_resize_lanczos_3.png]
[matteocourthoud.github.io/post/courses/featured_hu883af969a6d1e01fd334a0bac50658e9_65165_150x0_resize_q75_lanczos.jpg]
[matteocourthoud.github.io/post/conferences/featured_hu5a9e9cf22ea1733d893cb523a0eb9c93_89486_150x0_resize_q75_lanczos.jpg]
[matteocourthoud.github.io/post/ssh/featured_hu3123112d1b65f2ef3603e06c62394ead_117591_150x0_resize_q75_lanczos.jpg]
[matteocourthoud.github.io/post/palette/featured_huc1d62ce8e51cf405abc6f6bd8c28d304_124210_150x0_resize_q75_lanczos.jpg]
[matteocourthoud.github.io/post/regression_discontinuity/index.html]
[matteocourthoud.github.io/post/seminars/featured_hu96ea0ceda527f7831b6e82956b373544_141696_150x0_resize_q75_lanczos.jpg]
[matteocourthoud.github.io/post/phd_faq/featured_hud6426c0b4878b8e9ac41b1d3687afa9c_260218_150x0_resize_q75_lanczos.jpg]
[matteocourthoud.github.io/post/coding/featured_hu3168f7012bd509f32e8d08ee7ef89b16_82250_150x0_resize_q75_lanczos.jpg]
[matteocourthoud.github.io/post/courses/index.html]
[matteocourthoud.github.io/post/wrds/featured_hu4781a9d26099006ffce9673ee2505d09_1134842_150x0_resize_q75_lanczos.jpg]
[matteocourthoud.github.io/post/page/4/index.html]
[matteocourthoud.github.io/post/conferences/index.html]
[matteocourthoud.github.io/course/data-science/img/06_plotting_17_0.png]
[matteocourthoud.github.io/post/ssh/index.html]
[matteocourthoud.github.io/course/data-science/img/06_plotting_19_0.png]
[matteocourthoud.github.io/post/palette/index.html]
[matteocourthoud.github.io/course/data-science/img/06_plotting_21_0.png]
[matteocourthoud.github.io/course/data-science/img/06_plotting_23_0.png]
[matteocourthoud.github.io/course/data-science/img/06_plotting_25_0.png]
[matteocourthoud.github.io/course/data-science/img/06_plotting_27_0.png]
[matteocourthoud.github.io/post/seminars/index.html]
[matteocourthoud.github.io/course/data-science/img/06_plotting_29_0.png]
[matteocourthoud.github.io/course/data-science/img/06_plotting_32_0.png]
[matteocourthoud.github.io/course/data-science/img/06_plotting_34_0.png]
[matteocourthoud.github.io/course/data-science/img/06_plotting_38_0.png]
[matteocourthoud.github.io/post/phd_faq/index.html]
[matteocourthoud.github.io/course/data-science/img/06_plotting_40_0.png]
[matteocourthoud.github.io/course/data-science/img/06_plotting_42_0.png]
[matteocourthoud.github.io/course/data-science/img/06_plotting_44_0.png]
[matteocourthoud.github.io/course/data-science/img/06_plotting_46_0.png]
[matteocourthoud.github.io/course/data-science/img/06_plotting_48_0.png]
[matteocourthoud.github.io/post/coding/index.html]
[matteocourthoud.github.io/course/data-science/img/06_plotting_50_0.png]
[matteocourthoud.github.io/course/data-science/img/06_plotting_52_0.png]
[matteocourthoud.github.io/course/data-science/img/06_plotting_55_0.png]
[matteocourthoud.github.io/course/data-science/img/06_plotting_61_0.png]
[matteocourthoud.github.io/course/data-science/06_plotting/index.html]
[matteocourthoud.github.io/post/iv/img/iv_6_0.svg]
[matteocourthoud.github.io/post/iv/img/iv_20_0.svg]
[matteocourthoud.github.io/post/wrds/index.html]
[matteocourthoud.github.io/post/iv/img/iv_42_0.svg]
[matteocourthoud.github.io/post/iv/img/iv_68_0.svg]
[matteocourthoud.github.io/post/page/5/index.html]
[matteocourthoud.github.io/post/propensity_score/featured.png]
[matteocourthoud.github.io/post/propensity_score/img/propensity_score_41_0.png]
[matteocourthoud.github.io/post/propensity_score/img/propensity_score_50_0.png]
[matteocourthoud.github.io/post/propensity_score/index.html]
[matteocourthoud.github.io/post/regression_discontinuity/featured.png]
[matteocourthoud.github.io/post/regression_discontinuity/img/regression_discontinuity_19_0.png]
[matteocourthoud.github.io/post/regression_discontinuity/img/regression_discontinuity_23_0.png]
[matteocourthoud.github.io/post/regression_discontinuity/img/regression_discontinuity_29_0.png]
[matteocourthoud.github.io/post/regression_discontinuity/img/regression_discontinuity_31_0.png]
[matteocourthoud.github.io/post/regression_discontinuity/img/regression_discontinuity_33_0.png]
[matteocourthoud.github.io/post/regression_discontinuity/index.html]
[matteocourthoud.github.io/post/courses/featured.jpg]
[matteocourthoud.github.io/post/courses/index.html]
[matteocourthoud.github.io/post/conferences/featured.jpg]
[matteocourthoud.github.io/post/conferences/files/swissIOday2021_CallForPapers.pdf]
[matteocourthoud.github.io/post/conferences/index.html]
[matteocourthoud.github.io/post/ssh/featured.jpg]
[matteocourthoud.github.io/post/ssh/img/interpreter_settings.png]
[matteocourthoud.github.io/post/ssh/img/add.png]
[matteocourthoud.github.io/post/ssh/img/configuration.png]
[matteocourthoud.github.io/post/ssh/img/password.png]
[matteocourthoud.github.io/post/ssh/img/folder.png]
[matteocourthoud.github.io/post/ssh/img/toggle.png]
[matteocourthoud.github.io/post/ssh/img/edit.png]
[matteocourthoud.github.io/post/ssh/img/julia.png]
[matteocourthoud.github.io/post/ssh/img/remote.png]
[matteocourthoud.github.io/post/ssh/index.html]
[matteocourthoud.github.io/post/remote/index.html]
[matteocourthoud.github.io/post/palette/featured.jpg]
[matteocourthoud.github.io/post/palette/index.html]
[coolors.co/palette-widget/widget.js]
[matteocourthoud.github.io/post/seminars/index.xml]
[matteocourthoud.github.io/post/seminars/featured.jpg]
[matteocourthoud.github.io/post/seminars/index.html]
[matteocourthoud.github.io/post/phd_faq/featured.jpg]
[matteocourthoud.github.io/post/phd_faq/index.html]
[matteocourthoud.github.io/post/coding/featured.jpg]
[matteocourthoud.github.io/post/coding/index.html]
[matteocourthoud.github.io/post/wrds/featured.jpg]
[matteocourthoud.github.io/post/wrds/index.html]
[matteocourthoud.github.io/post/summer_schools/featured_hu6788caf44fdeab077d92ec1b45019b09_96889_150x0_resize_q75_lanczos.jpg]
[matteocourthoud.github.io/post/page/5/index.html]
[matteocourthoud.github.io/css/wowchemy.54afc4f4589fb91aec4b1cdd90ab2e05.css]
[matteocourthoud.github.io/post/summer_schools/index.html]
[matteocourthoud.github.io/post/remote/featured.jpg]
[matteocourthoud.github.io/post/remote/files/interpreter_settings.png]
[matteocourthoud.github.io/post/remote/files/add.png]
[matteocourthoud.github.io/post/remote/files/configuration.png]
[matteocourthoud.github.io/post/remote/files/password.png]
[matteocourthoud.github.io/post/remote/files/folder.png]
[matteocourthoud.github.io/post/remote/files/toggle.png]
[matteocourthoud.github.io/post/remote/files/edit.png]
[matteocourthoud.github.io/post/remote/files/julia.png]
[matteocourthoud.github.io/post/remote/files/remote.png]
[matteocourthoud.github.io/post/remote/index.html]
[matteocourthoud.github.io/post/faq/index.html]
[matteocourthoud.github.io/post/summer_schools/featured.jpg]
[matteocourthoud.github.io/post/summer_schools/index.html]
[matteocourthoud.github.io/css/wowchemy.54afc4f4589fb91aec4b1cdd90ab2e05.css]
[matteocourthoud.github.io/post/faq/featured.jpg]
[matteocourthoud.github.io/post/faq/index.html]
[matteocourthoud.github.io/tag/phd/index.html]
[matteocourthoud.github.io/tag/research/index.html]
[matteocourthoud.github.io/post/summerschools/index.html]
[matteocourthoud.github.io/tag/phd/index.xml]
[matteocourthoud.github.io/tag/phd/index.html]
[matteocourthoud.github.io/tag/research/index.xml]
[matteocourthoud.github.io/tag/research/index.html]
[matteocourthoud.github.io/post/summerschools/featured.jpg]
[matteocourthoud.github.io/post/summerschools/index.html]
[matteocourthoud.github.io/tag/resources/index.html]
[matteocourthoud.github.io/post/colors/index.html]
[matteocourthoud.github.io/tag/resources/index.xml]
[matteocourthoud.github.io/tag/resources/index.html]
[matteocourthoud.github.io/post/colors/featured.jpg]
[matteocourthoud.github.io/post/colors/index.html]
[matteocourthoud.github.io/tag/seminars/index.html]
[matteocourthoud.github.io/tag/online/index.html]
[matteocourthoud.github.io/tag/seminars/index.xml]
[matteocourthoud.github.io/tag/seminars/index.html]
[matteocourthoud.github.io/tag/online/index.xml]
[matteocourthoud.github.io/tag/online/index.html]
